system.c:76:6:InitSystem	32	static
system.c:162:6:SystemStateMachineProcessing	24	static
system.c:266:20:InitSystemTimer	8	static
system.c:276:20:InitSystemDMA	8	static
system.c:286:20:InitSystemGPIO	8	static
system.c:296:6:SystemClockConfig	88	static
system.c:347:20:MX_DMA_Init	16	static
system.c:369:20:SystemStartTimer	8	static
system.c:379:20:MX_TIM2_Init	32	static
system.c:412:13:MX_GPIO_Init	48	static
system.c:458:6:HAL_TIM_PeriodElapsedCallback	16	static
system.c:479:6:HAL_GPIO_EXTI_Callback	16	static
