system.c:81:6:InitSystem	32	static
system.c:170:6:SystemStateMachineProcessing	24	static
system.c:271:20:InitSystemTimer	8	static
system.c:281:20:InitSystemDMA	8	static
system.c:291:20:InitSystemGPIO	8	static
system.c:301:6:SystemClockConfig	88	static
system.c:352:20:MX_DMA_Init	16	static
system.c:374:20:SystemStartTimer	8	static
system.c:384:20:MX_TIM2_Init	32	static
system.c:417:13:MX_GPIO_Init	48	static
system.c:463:6:HAL_TIM_PeriodElapsedCallback	16	static
system.c:484:6:HAL_GPIO_EXTI_Callback	16	static
